[22:39:41.676] [31mERROR[39m (36096): [36mError listening on port[39m
    err: {
      "type": "Error",
      "message": "listen EADDRINUSE: address already in use :::3000",
      "stack":
          Error: listen EADDRINUSE: address already in use :::3000
              at Server.setupListenHandle [as _listen2] (node:net:2016:16)
              at listenInCluster (node:net:2073:12)
              at Server.listen (node:net:2178:7)
              at app2.listen (file:///C:/Users/user/Downloads/Problem-Statementzip%20(1)/artifacts/api-server/dist/index.mjs:21286:28)
              at file:///C:/Users/user/Downloads/Problem-Statementzip%20(1)/artifacts/api-server/dist/index.mjs:96475:13
              at ModuleJob.run (node:internal/modules/esm/module_job:430:25)
              at async onImport.tracePromise.__proto__ (node:internal/modules/esm/loader:655:26)
              at async asyncRunEntryPointWithESMLoader (node:internal/modules/run_main:101:5)
      "code": "EADDRINUSE",
      "errno": -4091,
      "syscall": "listen",
      "address": "::",
      "port": 3000
    }
